// Jest Snapshot v1, https://goo.gl/fbAQLP

exports[`PokemonOptions Component debe hacer match con el snapshot 1`] = `
<div class="options-container" pokemonsmock="[object Object],[object Object],[object Object],[object Object]">
  <ul></ul>
</div>
`;
